mock gateway on ws://0.0.0.0:3403/ws/mobile  fault=silent  host=127.0.0.1
PAIRING_STRING=eyJ2ZXJzaW9uIjoyLCJwdWJsaWNVcmwiOiJ3czovLzEyNy4wLjAuMTozNDAzL3dzL21vYmlsZSIsInBhaXJpbmdDb2RlIjoibW9ja3BhaXJjb2RlMDAwMSIsImV4cGlyZXNBdCI6MTc5MTEzMjI3MjY3OSwiZ2F0ZXdheUlkIjoibW9jay1nYXRld2F5IiwiZW5kcG9pbnRzIjpbIndzOi8vMTI3LjAuMC4xOjM0MDMvd3MvbW9iaWxlIl19
token=mock-device-token-0001  deviceId=mock-device-uuid-0001
已写入 pairing.txt（无换行，可直接粘贴/生成二维码）
提示：此配对串只适合 App 与网关同机（JVM harness）。跑模拟器请加 --host 10.0.2.2，真机请填电脑局域网 IP。
{"t":"2026-10-04T15:44:32.938Z","dir":"upgrade","ok":true,"authenticated":{"pair":true,"token":null,"deviceId":"jvm-fg-probe"}}
{"t":"2026-10-04T15:44:32.942Z","dir":"out","frame":{"kind":"session-archives","archivedSessionIds":[]}}
{"t":"2026-10-04T15:44:32.943Z","dir":"out","frame":{"kind":"session-queues","queues":{}}}
{"t":"2026-10-04T15:44:32.944Z","dir":"out","frame":{"kind":"paired","token":"mock-device-token-0001","device":{"id":"jvm-fg-probe","name":"mock","createdAt":1791128672944,"lastSeenAt":1791128672944,"online":true,"connections":1},"gatewayId":"mock-gateway","gatewayName":"mock"}}
{"t":"2026-10-04T15:44:32.945Z","note":"FAULT silent: hello(仍会发)后完全静默，不回 pong、不应答"}
{"t":"2026-10-04T15:44:32.971Z","dir":"out","frame":{"kind":"hello","protocol":3,"dshVersion":"0.2.0-rc.2(mock)","historyFormatVersion":4,"authenticated":true,"port":3403,"clients":1,"gatewayId":"mock-gateway","gatewayName":"mock","capabilities":["split-channels","assistant-stream-v1","history-format-version","projection-baseline","images","session-create","commands","tasks","goals","session-cancel","queue-control","session-archive","session-rename","file-downloads"]}}
{"t":"2026-10-04T15:44:47.943Z","dir":"in","frame":{"type":"ping"}}
{"t":"2026-10-04T15:44:47.945Z","dir":"in","frame":{"type":"ping"},"note":"FAULT silent: 收到但不回任何帧"}
{"t":"2026-10-04T15:45:02.943Z","dir":"in","frame":{"type":"ping"}}
{"t":"2026-10-04T15:45:02.945Z","dir":"in","frame":{"type":"ping"},"note":"FAULT silent: 收到但不回任何帧"}
{"t":"2026-10-04T15:45:17.945Z","dir":"in","close":{"code":1011,"reason":"连接已失效，正在重连"}}
{"t":"2026-10-04T15:45:17.948Z","dir":"socket","event":"closed"}
{"t":"2026-10-04T15:45:19.954Z","dir":"upgrade","ok":true,"authenticated":{"pair":true,"token":null,"deviceId":"jvm-fg-probe"}}
{"t":"2026-10-04T15:45:19.958Z","dir":"out","frame":{"kind":"session-archives","archivedSessionIds":[]}}
{"t":"2026-10-04T15:45:19.958Z","dir":"out","frame":{"kind":"session-queues","queues":{}}}
{"t":"2026-10-04T15:45:19.959Z","dir":"out","frame":{"kind":"paired","token":"mock-device-token-0001","device":{"id":"jvm-fg-probe","name":"mock","createdAt":1791128719959,"lastSeenAt":1791128719959,"online":true,"connections":1},"gatewayId":"mock-gateway","gatewayName":"mock"}}
{"t":"2026-10-04T15:45:19.959Z","note":"FAULT silent: hello(仍会发)后完全静默，不回 pong、不应答"}
{"t":"2026-10-04T15:45:19.987Z","dir":"out","frame":{"kind":"hello","protocol":3,"dshVersion":"0.2.0-rc.2(mock)","historyFormatVersion":4,"authenticated":true,"port":3403,"clients":1,"gatewayId":"mock-gateway","gatewayName":"mock","capabilities":["split-channels","assistant-stream-v1","history-format-version","projection-baseline","images","session-create","commands","tasks","goals","session-cancel","queue-control","session-archive","session-rename","file-downloads"]}}
{"t":"2026-10-04T15:45:25.159Z","dir":"socket","event":"closed"}
